[www.bolitri.com/recharge.html]
[backblue.gif]
[fade.gif]
[index.html]
[www.bolitri.com/_nuxt/Roboto-Regular.CN_pkOMA.ttf]
[www.bolitri.com/_nuxt/Roboto-Medium.CwcsZ-zd.ttf]
[www.bolitri.com/_nuxt/Roboto-Bold._ZJd4Sbe.ttf]
[www.bolitri.com/_nuxt/Montserrat-Regular.Cw3fqWkz.ttf]
[www.bolitri.com/_nuxt/Montserrat-Medium.CpRznguy.ttf]
[www.bolitri.com/_nuxt/Montserrat-Bold.BSrD1I5P.ttf]
[www.bolitri.com/_nuxt/entry.lEdfaMbr.css]
[www.bolitri.com/_nuxt/swiper-vue.BCiLj-cK.css]
[www.bolitri.com/_nuxt/default.CuCXtaG-.css]
[www.bolitri.com/_nuxt/recharge.DcaF3Qp_.css]
[www.bolitri.com/_nuxt/MySwiper.wodZNaND.css]
[www.bolitri.com/_nuxt/J0AgRosw.js]
[www.bolitri.com/_nuxt/g6DjQIE-.js]
[www.bolitri.com/_nuxt/yr4m08Ha.js]
[www.bolitri.com/_nuxt/AI9P4WST.js]
[www.bolitri.com/_nuxt/DdlGXokY.js]
[www.bolitri.com/_nuxt/builds/meta/4ad1de67-1ed0-4258-a9e4-48a425e91261.json]
[www.bolitri.com/_nuxt/logotwo.CM_tMk5T.png]
[www.bolitri.com/_nuxt/recharge.YfMBNulY.png]
[www.bolitri.com/_nuxt/boxlogin.SRgX_6-L.png]
[www.bolitri.com/_nuxt/nodata.Duriftln.png]
[www.bolitri.com/_nuxt/fengexian.C_SZ2-j6.png]
[www.bolitri.com/_nuxt/NwKUJb6L.js]
[www.bolitri.com/_nuxt/BPYDrbZA.js]
[www.bolitri.com/_nuxt/LoE2r5_g.js]
[www.bolitri.com/_nuxt/BJ01wuXY.js]
[www.bolitri.com/_nuxt/pay.D3XpPJ2o.png]
[www.bolitri.com/_nuxt/loading.CtxlmMpf.png]
[www.bolitri.com/_nuxt/index_bg1.DNPn0tse.png]
[www.bolitri.com/_nuxt/background_h5_center.ColerJ1w.png]
[www.bolitri.com/index-2.html]
[www.bolitri.com/index.html]
[www.bolitri.com/compliance.html]
[www.bolitri.com/room.html]
[www.bolitri.com/cdn-cgi/l/email-protection]
[www.bolitri.com/cdn-cgi/scripts/5c5dd728/cloudflare-static/email-decode.min.js]
[www.bolitri.com/recharge.html]
[www.bolitri.com/_nuxt/entry.lEdfaMbr.css]
[www.bolitri.com/_nuxt/swiper-vue.BCiLj-cK.css]
[www.bolitri.com/_nuxt/default.CuCXtaG-.css]
[www.bolitri.com/_nuxt/recharge.DcaF3Qp_.css]
[www.bolitri.com/_nuxt/MySwiper.wodZNaND.css]
[www.bolitri.com/_nuxt/index.shLIXwf1.css]
[www.bolitri.com/_nuxt/DO14mNr_.js]
[www.bolitri.com/_nuxt/people1.FN44P120.png]
[www.bolitri.com/_nuxt/people2.DiyWEgBr.png]
[www.bolitri.com/_nuxt/people3.B8o3eWRO.png]
[www.bolitri.com/_nuxt/boxone.A1ryDMQk.png]
[www.bolitri.com/_nuxt/boxtwo.ColAdGcP.png]
[www.bolitri.com/_nuxt/boxthree.D5SL4ilc.png]
[www.bolitri.com/_nuxt/icon-1.C0EIw52p.png]
[www.bolitri.com/_nuxt/icon-2.CHZdBxJf.png]
[www.bolitri.com/_nuxt/icon-3.Dxm3AiMv.png]
[www.bolitri.com/index.html]
[www.bolitri.com/index-2.html]
[www.bolitri.com/_nuxt/room.ardx2cc_.css]
[www.bolitri.com/_nuxt/W8WKeFn5.js]
[www.bolitri.com/_nuxt/CumHBd6t.js]
[www.bolitri.com/_nuxt/voiceleft.CByErhns.png]
[www.bolitri.com/_nuxt/voiceright.DbOm3YaT.png]
[www.bolitri.com/_nuxt/voice_listen.DKDHNqnu.webp]
[www.bolitri.com/room.html]
[www.bolitri.com/_nuxt/compliance.BKfwLg-I.css]
[www.bolitri.com/_nuxt/B7PN3wmY.js]
[www.bolitri.com/terms.html]
[www.bolitri.com/compliance.html]
[www.bolitri.com/cdn-cgi/l/email-protection.html]
[www.bolitri.com/_nuxt/index.shLIXwf1.css]
[www.bolitri.com/_nuxt/room.ardx2cc_.css]
[www.bolitri.com/_nuxt/compliance.BKfwLg-I.css]
[www.bolitri.com/cancellation.html]
[www.bolitri.com/_nuxt/terms.D403GfR4.css]
[www.bolitri.com/terms.html]
[www.bolitri.com/_nuxt/BWlsxtcw.js]
[www.bolitri.com/_nuxt/cancellation.y06JcFnV.css]
[www.bolitri.com/cancellation.html]
[www.bolitri.com/_nuxt/terms.D403GfR4.css]
[www.bolitri.com/_nuxt/cancellation.y06JcFnV.css]
[www.bolitri.com/_nuxt/FTS2nJ8F.js]
